Release 14.7 - xst P.20131013 (nt64)
Copyright (c) 1995-2013 Xilinx, Inc.  All rights reserved.
--> Parameter TMPDIR set to xst/projnav.tmp


Total REAL time to Xst completion: 0.00 secs
Total CPU time to Xst completion: 0.10 secs
 
--> Parameter xsthdpdir set to xst


Total REAL time to Xst completion: 0.00 secs
Total CPU time to Xst completion: 0.10 secs
 
--> Reading design: InstructionRegister.prj

TABLE OF CONTENTS
  1) Synthesis Options Summary
  2) HDL Parsing
  3) HDL Elaboration
  4) HDL Synthesis
       4.1) HDL Synthesis Report
  5) Advanced HDL Synthesis
       5.1) Advanced HDL Synthesis Report
  6) Low Level Synthesis
  7) Partition Report
  8) Design Summary
       8.1) Primitive and Black Box Usage
       8.2) Device utilization summary
       8.3) Partition Resource Summary
       8.4) Timing Report
            8.4.1) Clock Information
            8.4.2) Asynchronous Control Signals Information
            8.4.3) Timing Summary
            8.4.4) Timing Details
            8.4.5) Cross Clock Domains Report


=========================================================================
*                      Synthesis Options Summary                        *
=========================================================================
---- Source Parameters
Input File Name                    : "InstructionRegister.prj"
Ignore Synthesis Constraint File   : NO

---- Target Parameters
Output File Name                   : "InstructionRegister"
Output Format                      : NGC
Target Device                      : xc6slx45t-3-csg324

---- Source Options
Top Module Name                    : InstructionRegister
Automatic FSM Extraction           : YES
FSM Encoding Algorithm             : Auto
Safe Implementation                : No
FSM Style                          : LUT
RAM Extraction                     : Yes
RAM Style                          : Auto
ROM Extraction                     : Yes
Shift Register Extraction          : YES
ROM Style                          : Auto
Resource Sharing                   : YES
Asynchronous To Synchronous        : NO
Shift Register Minimum Size        : 2
Use DSP Block                      : Auto
Automatic Register Balancing       : No

---- Target Options
LUT Combining                      : Auto
Reduce Control Sets                : Auto
Add IO Buffers                     : YES
Global Maximum Fanout              : 100000
Add Generic Clock Buffer(BUFG)     : 16
Register Duplication               : YES
Optimize Instantiated Primitives   : NO
Use Clock Enable                   : Auto
Use Synchronous Set                : Auto
Use Synchronous Reset              : Auto
Pack IO Registers into IOBs        : Auto
Equivalent register Removal        : YES

---- General Options
Optimization Goal                  : Speed
Optimization Effort                : 1
Power Reduction                    : NO
Keep Hierarchy                     : No
Netlist Hierarchy                  : As_Optimized
RTL Output                         : Yes
Global Optimization                : AllClockNets
Read Cores                         : YES
Write Timing Constraints           : NO
Cross Clock Analysis               : NO
Hierarchy Separator                : /
Bus Delimiter                      : <>
Case Specifier                     : Maintain
Slice Utilization Ratio            : 100
BRAM Utilization Ratio             : 100
DSP48 Utilization Ratio            : 100
Auto BRAM Packing                  : NO
Slice Utilization Ratio Delta      : 5

=========================================================================


=========================================================================
*                          HDL Parsing                                  *
=========================================================================
Analyzing Verilog file "D:\Final_Year_Project\EC_448_Major_Project\Register.v" into library work
Parsing module <Register>.
Analyzing Verilog file "D:\Final_Year_Project\EC_448_Major_Project\InstructionRegister.v" into library work
Parsing module <InstructionRegister>.

=========================================================================
*                            HDL Elaboration                            *
=========================================================================

Elaborating module <InstructionRegister>.

Elaborating module <Register>.

=========================================================================
*                           HDL Synthesis                               *
=========================================================================

Synthesizing Unit <InstructionRegister>.
    Related source file is "D:\Final_Year_Project\EC_448_Major_Project\InstructionRegister.v".
        word_size = 16
        high_impedance = 16'bzzzzzzzzzzzzzzzz
        zero = 16'b0000000000000000
    Summary:
	no macro.
Unit <InstructionRegister> synthesized.

Synthesizing Unit <Register>.
    Related source file is "D:\Final_Year_Project\EC_448_Major_Project\Register.v".
        word_size = 16
        high_impedance = 16'bzzzzzzzzzzzzzzzz
        zero = 16'b0000000000000000
    Found 16-bit register for signal <out>.
    Summary:
	inferred  16 D-type flip-flop(s).
Unit <Register> synthesized.

=========================================================================
HDL Synthesis Report

Macro Statistics
# Registers                                            : 4
 16-bit register                                       : 4

=========================================================================

=========================================================================
*                       Advanced HDL Synthesis                          *
=========================================================================


=========================================================================
Advanced HDL Synthesis Report

Macro Statistics
# Registers                                            : 64
 Flip-Flops                                            : 64

=========================================================================

=========================================================================
*                         Low Level Synthesis                           *
=========================================================================

Optimizing unit <InstructionRegister> ...

Optimizing unit <Register> ...

Mapping all equations...
Building and optimizing final netlist ...
Found area constraint ratio of 100 (+ 5) on block InstructionRegister, actual ratio is 0.

Final Macro Processing ...

=========================================================================
Final Register Report

Macro Statistics
# Registers                                            : 64
 Flip-Flops                                            : 64

=========================================================================

=========================================================================
*                           Partition Report                            *
=========================================================================

Partition Implementation Status
-------------------------------

  No Partitions were found in this design.

-------------------------------

=========================================================================
*                            Design Summary                             *
=========================================================================

Top Level Output File Name         : InstructionRegister.ngc

Primitive and Black Box Usage:
------------------------------
# FlipFlops/Latches                : 64
#      FDRE                        : 64
# Clock Buffers                    : 1
#      BUFGP                       : 1
# IO Buffers                       : 50
#      IBUF                        : 18
#      OBUF                        : 32

Device utilization summary:
---------------------------

Selected Device : 6slx45tcsg324-3 


Slice Logic Utilization: 
 Number of Slice Registers:              64  out of  54576     0%  

Slice Logic Distribution: 
 Number of LUT Flip Flop pairs used:     64
   Number with an unused Flip Flop:       0  out of     64     0%  
   Number with an unused LUT:            64  out of     64   100%  
   Number of fully used LUT-FF pairs:     0  out of     64     0%  
   Number of unique control sets:         1

IO Utilization: 
 Number of IOs:                          51
 Number of bonded IOBs:                  51  out of    190    26%  

Specific Feature Utilization:
 Number of BUFG/BUFGCTRLs:                1  out of     16     6%  

---------------------------
Partition Resource Summary:
---------------------------

  No Partitions were found in this design.

---------------------------


=========================================================================
Timing Report

NOTE: THESE TIMING NUMBERS ARE ONLY A SYNTHESIS ESTIMATE.
      FOR ACCURATE TIMING INFORMATION PLEASE REFER TO THE TRACE REPORT
      GENERATED AFTER PLACE-and-ROUTE.

Clock Information:
------------------
-----------------------------------+------------------------+-------+
Clock Signal                       | Clock buffer(FF name)  | Load  |
-----------------------------------+------------------------+-------+
clk                                | BUFGP                  | 64    |
-----------------------------------+------------------------+-------+

Asynchronous Control Signals Information:
----------------------------------------
No asynchronous control signals found in this design

Timing Summary:
---------------
Speed Grade: -3

   Minimum period: 1.165ns (Maximum Frequency: 858.185MHz)
   Minimum input arrival time before clock: 3.291ns
   Maximum output required time after clock: 3.634ns
   Maximum combinational path delay: No path found

Timing Details:
---------------
All values displayed in nanoseconds (ns)

=========================================================================
Timing constraint: Default period analysis for Clock 'clk'
  Clock period: 1.165ns (frequency: 858.185MHz)
  Total number of paths / destination ports: 48 / 48
-------------------------------------------------------------------------
Delay:               1.165ns (Levels of Logic = 0)
  Source:            R3/out_15 (FF)
  Destination:       R4/out_15 (FF)
  Source Clock:      clk rising
  Destination Clock: clk rising

  Data Path: R3/out_15 to R4/out_15
                                Gate     Net
    Cell:in->out      fanout   Delay   Delay  Logical Name (Net Name)
    ----------------------------------------  ------------
     FDRE:C->Q             2   0.447   0.616  R3/out_15 (R3/out_15)
     FDRE:D                    0.102          R4/out_15
    ----------------------------------------
    Total                      1.165ns (0.549ns logic, 0.616ns route)
                                       (47.1% logic, 52.9% route)

=========================================================================
Timing constraint: Default OFFSET IN BEFORE for Clock 'clk'
  Total number of paths / destination ports: 144 / 144
-------------------------------------------------------------------------
Offset:              3.291ns (Levels of Logic = 1)
  Source:            reset (PAD)
  Destination:       R4/out_15 (FF)
  Destination Clock: clk rising

  Data Path: reset to R4/out_15
                                Gate     Net
    Cell:in->out      fanout   Delay   Delay  Logical Name (Net Name)
    ----------------------------------------  ------------
     IBUF:I->O            64   1.222   1.639  reset_IBUF (reset_IBUF)
     FDRE:R                    0.430          R4/out_0
    ----------------------------------------
    Total                      3.291ns (1.652ns logic, 1.639ns route)
                                       (50.2% logic, 49.8% route)

=========================================================================
Timing constraint: Default OFFSET OUT AFTER for Clock 'clk'
  Total number of paths / destination ports: 32 / 32
-------------------------------------------------------------------------
Offset:              3.634ns (Levels of Logic = 1)
  Source:            R3/out_15 (FF)
  Destination:       pre_data_out<15> (PAD)
  Source Clock:      clk rising

  Data Path: R3/out_15 to pre_data_out<15>
                                Gate     Net
    Cell:in->out      fanout   Delay   Delay  Logical Name (Net Name)
    ----------------------------------------  ------------
     FDRE:C->Q             2   0.447   0.616  R3/out_15 (R3/out_15)
     OBUF:I->O                 2.571          pre_data_out_15_OBUF (pre_data_out<15>)
    ----------------------------------------
    Total                      3.634ns (3.018ns logic, 0.616ns route)
                                       (83.0% logic, 17.0% route)

=========================================================================

Cross Clock Domains Report:
--------------------------

Clock to Setup on destination clock clk
---------------+---------+---------+---------+---------+
               | Src:Rise| Src:Fall| Src:Rise| Src:Fall|
Source Clock   |Dest:Rise|Dest:Rise|Dest:Fall|Dest:Fall|
---------------+---------+---------+---------+---------+
clk            |    1.165|         |         |         |
---------------+---------+---------+---------+---------+

=========================================================================


Total REAL time to Xst completion: 8.00 secs
Total CPU time to Xst completion: 7.37 secs
 
--> 

Total memory usage is 256652 kilobytes

Number of errors   :    0 (   0 filtered)
Number of warnings :    0 (   0 filtered)
Number of infos    :    0 (   0 filtered)

